---
source: src/udiff.rs
expression: "&diff.unified_diff().missing_newline_hint(false).header(\"a.txt\",\n                                                        \"b.txt\").to_string()"
---
--- a.txt
+++ b.txt
@@ -0 +0 @@
-a
+b

